"""
>>> from Assignment1SalesApp import Model, View, Controller

>>> Model.get_data("not_a_file.txt")
IO error, not reading file. Try entering filename again
'get_data(not_a_file.txt) run'

>>> Model.get_data("loadData_Empty.txt")
'get_data(loadData_Empty.txt) run'

>>> Model.get_data("loadData_Bad.txt")
element format incorrect: element entered as None
element format incorrect: element entered as None
element format incorrect: element entered as None
element format incorrect: element entered as None
element format incorrect: element entered as None
element format incorrect: element entered as None
element format incorrect: element entered as None
element format incorrect: element entered as None
element format incorrect: element entered as None
element format incorrect: element entered as None
element format incorrect: element entered as None
'get_data(loadData_Bad.txt) run'

>>> Model.validate("B204", "[A-Z][0-9]{3}")
'B204'

>>> Model.validate("d", "(M|F)")
element format incorrect: element entered as None

>>> Model.validate("this isn't a gender", "(M|F)")
element format incorrect: element entered as None

>>> Model.validate("M", "(M|F)")
'M'

>>> Model.validate('22', '[0-9]{2}')
'22'

>>> Model.validate("this is not an age", '[0-9]{2}')
element format incorrect: element entered as None

>>> Model.validate('555', '[0-9]{3}')
'555'

>>> Model.validate("this is not a sales figure", '[0-9]{3}')
element format incorrect: element entered as None

>>> Model.validate("Normal", '(Normal|Overweight|Obesity|Underweight)')
'Normal'

>>> Model.validate("this is not a bmi",'(Normal|Overweight|Obesity|Underweight)')
element format incorrect: element entered as None

>>> Model.validate('333', '[0-9]{2,3}')
'333'

>>> Model.validate("this is not an income", '[0-9]{2,3}')
element format incorrect: element entered as None

>>> Model.gender_list = ['M', 'F', 'F', 'M', 'F']

>>> View.pie_chart_gender()
pie_chart_gender run

>>> Model.gender_list = []

>>> View.pie_chart_gender()
pie_chart_gender run

>>> View.pie_chart_bmi()
pie_chart_bmi run

>>> Model.bmi_list = []

>>> View.pie_chart_bmi()
pie_chart_bmi run

>>> Controller.do_load_file("")
Enter the destination/filename.         Eg: D:/data/load_data.txtIO error, not reading file. Try entering filename again

>>> Controller.do_display_gender_data("","")
No data loaded, please enter data location
IO error, not reading file. Try entering filename again

>>> Controller.do_display_bmi_data("","")
No data loaded, please enter data location
IO error, not reading file. Try entering filename again

"""
