>>> from Assignment1SalesApp import Model, View, Controller

>>> False
True

>>> Model.get_data("not_a_file.txt")
IO error, not reading file. Try entering filename again
'get_data(not_a_file.txt) run'

>>> Model.get_data("loadData_Empty.txt")
'get_data(loadData_Empty.txt) run'

>>> Model.serialise_data()
called serialise_data()

>>> Model.load_serialised_data()
called load_serialised_data()

>>> Model.validate_id("A111")
'A111'

>>> Model.validate_id("b222")
id format incorrect: id entered as None

>>> Model.validate_gender("this isn't a gender")
gender format incorrect:  entered as None

>>> Model.validate_gender("M")
'M'

>>> Model.validate_age("22")
22

>>> Model.validate_age("this is not an age")
age format incorrect:  entered as 0
0

>>> Model.validate_sales("555")
555

>>> Model.validate_sales("this is not a sales figure")
sales format incorrect:  entered as 0
0

>>> Model.validate_bmi("Normal")
'Normal'

>>> Model.validate_bmi("this is not a bmi")
bmi format incorrect:  entered as None

>>> Model.validate_income("333")
333

>>> Model.validate_income("this is not an income")
income format incorrect:  entered as 0
0

>>> View.pie_chart_gender()
pie_chart_gender run

>>> View.pie_chart_bmi()
pie_chart_bmi run

>>> Controller.do_load_file("")
IO error, not reading file. Try entering filename again



